
> frontend@0.1.0 build
> next build

  ▲ Next.js 14.2.35
  - Environments: .env.local, .env

   Creating an optimized production build ...
 ✓ Compiled successfully
   Skipping validation of types
   Skipping linting
   Collecting page data ...
   Generating static pages (0/10) ...
   Generating static pages (2/10) 
   Generating static pages (4/10) 
   Generating static pages (7/10) 
 ✓ Generating static pages (10/10)
   Finalizing page optimization ...
   Collecting build traces ...

Route (app)                              Size     First Load JS
┌ ○ /                                    5.34 kB        92.8 kB
├ ○ /_not-found                          880 B          88.4 kB
├ ○ /bots                                7.64 kB         133 kB
├ ƒ /bots/[botId]                        142 B          87.6 kB
├ ƒ /bots/[botId]/analytics              116 kB          256 kB
├ ƒ /bots/[botId]/appearance             4.11 kB         112 kB
├ ƒ /bots/[botId]/settings               4.77 kB         140 kB
├ ƒ /bots/[botId]/sources                9.78 kB         119 kB
├ ƒ /bots/[botId]/whatsapp               3.61 kB         112 kB
├ ○ /bots/new                            142 B          87.6 kB
├ ○ /dashboard                           2.14 kB         116 kB
├ ○ /login                               3.8 kB          167 kB
├ ○ /signup                              3.83 kB         167 kB
└ ƒ /widget/[slug]                       3.08 kB        90.6 kB
+ First Load JS shared by all            87.5 kB
  ├ chunks/117-c651abe4aca4cbec.js       31.9 kB
  ├ chunks/fd9d1056-5a410cbcdedf5480.js  53.7 kB
  └ other shared chunks (total)          1.95 kB


ƒ Middleware                             26.4 kB

○  (Static)   prerendered as static content
ƒ  (Dynamic)  server-rendered on demand

